Archive member included to satisfy reference by file (symbol)

c:/st/stm32cubeide_1.9.0/stm32cubeide/plugins/com.st.stm32cube.ide.mcu.externaltools.gnu-tools-for-stm32.10.3-2021.10.win32_1.0.0.202111181127/tools/bin/../lib/gcc/arm-none-eabi/10.3.1/../../../../arm-none-eabi/lib/thumb/v7e-m+fp/hard\libc_nano.a(lib_a-errno.o)
                              ./Core/Src/syscalls.o (__errno)
c:/st/stm32cubeide_1.9.0/stm32cubeide/plugins/com.st.stm32cube.ide.mcu.externaltools.gnu-tools-for-stm32.10.3-2021.10.win32_1.0.0.202111181127/tools/bin/../lib/gcc/arm-none-eabi/10.3.1/../../../../arm-none-eabi/lib/thumb/v7e-m+fp/hard\libc_nano.a(lib_a-exit.o)
                              c:/st/stm32cubeide_1.9.0/stm32cubeide/plugins/com.st.stm32cube.ide.mcu.externaltools.gnu-tools-for-stm32.10.3-2021.10.win32_1.0.0.202111181127/tools/bin/../lib/gcc/arm-none-eabi/10.3.1/../../../../arm-none-eabi/lib/thumb/v7e-m+fp/hard/crt0.o (exit)
c:/st/stm32cubeide_1.9.0/stm32cubeide/plugins/com.st.stm32cube.ide.mcu.externaltools.gnu-tools-for-stm32.10.3-2021.10.win32_1.0.0.202111181127/tools/bin/../lib/gcc/arm-none-eabi/10.3.1/../../../../arm-none-eabi/lib/thumb/v7e-m+fp/hard\libc_nano.a(lib_a-impure.o)
                              c:/st/stm32cubeide_1.9.0/stm32cubeide/plugins/com.st.stm32cube.ide.mcu.externaltools.gnu-tools-for-stm32.10.3-2021.10.win32_1.0.0.202111181127/tools/bin/../lib/gcc/arm-none-eabi/10.3.1/../../../../arm-none-eabi/lib/thumb/v7e-m+fp/hard\libc_nano.a(lib_a-exit.o) (_global_impure_ptr)
c:/st/stm32cubeide_1.9.0/stm32cubeide/plugins/com.st.stm32cube.ide.mcu.externaltools.gnu-tools-for-stm32.10.3-2021.10.win32_1.0.0.202111181127/tools/bin/../lib/gcc/arm-none-eabi/10.3.1/../../../../arm-none-eabi/lib/thumb/v7e-m+fp/hard\libc_nano.a(lib_a-init.o)
                              c:/st/stm32cubeide_1.9.0/stm32cubeide/plugins/com.st.stm32cube.ide.mcu.externaltools.gnu-tools-for-stm32.10.3-2021.10.win32_1.0.0.202111181127/tools/bin/../lib/gcc/arm-none-eabi/10.3.1/../../../../arm-none-eabi/lib/thumb/v7e-m+fp/hard/crt0.o (__libc_init_array)
c:/st/stm32cubeide_1.9.0/stm32cubeide/plugins/com.st.stm32cube.ide.mcu.externaltools.gnu-tools-for-stm32.10.3-2021.10.win32_1.0.0.202111181127/tools/bin/../lib/gcc/arm-none-eabi/10.3.1/../../../../arm-none-eabi/lib/thumb/v7e-m+fp/hard\libc_nano.a(lib_a-memcpy-stub.o)
                              ./Drivers/OLED/ssd1306.o (memcpy)
c:/st/stm32cubeide_1.9.0/stm32cubeide/plugins/com.st.stm32cube.ide.mcu.externaltools.gnu-tools-for-stm32.10.3-2021.10.win32_1.0.0.202111181127/tools/bin/../lib/gcc/arm-none-eabi/10.3.1/../../../../arm-none-eabi/lib/thumb/v7e-m+fp/hard\libc_nano.a(lib_a-memmove.o)
                              ./Drivers/OLED/ssd1306_tests.o (memmove)
c:/st/stm32cubeide_1.9.0/stm32cubeide/plugins/com.st.stm32cube.ide.mcu.externaltools.gnu-tools-for-stm32.10.3-2021.10.win32_1.0.0.202111181127/tools/bin/../lib/gcc/arm-none-eabi/10.3.1/../../../../arm-none-eabi/lib/thumb/v7e-m+fp/hard\libc_nano.a(lib_a-memset.o)
                              c:/st/stm32cubeide_1.9.0/stm32cubeide/plugins/com.st.stm32cube.ide.mcu.externaltools.gnu-tools-for-stm32.10.3-2021.10.win32_1.0.0.202111181127/tools/bin/../lib/gcc/arm-none-eabi/10.3.1/../../../../arm-none-eabi/lib/thumb/v7e-m+fp/hard/crt0.o (memset)
c:/st/stm32cubeide_1.9.0/stm32cubeide/plugins/com.st.stm32cube.ide.mcu.externaltools.gnu-tools-for-stm32.10.3-2021.10.win32_1.0.0.202111181127/tools/bin/../lib/gcc/arm-none-eabi/10.3.1/../../../../arm-none-eabi/lib/thumb/v7e-m+fp/hard\libc_nano.a(lib_a-snprintf.o)
                              ./Drivers/OLED/ssd1306_tests.o (snprintf)
c:/st/stm32cubeide_1.9.0/stm32cubeide/plugins/com.st.stm32cube.ide.mcu.externaltools.gnu-tools-for-stm32.10.3-2021.10.win32_1.0.0.202111181127/tools/bin/../lib/gcc/arm-none-eabi/10.3.1/../../../../arm-none-eabi/lib/thumb/v7e-m+fp/hard\libc_nano.a(lib_a-nano-svfprintf.o)
                              c:/st/stm32cubeide_1.9.0/stm32cubeide/plugins/com.st.stm32cube.ide.mcu.externaltools.gnu-tools-for-stm32.10.3-2021.10.win32_1.0.0.202111181127/tools/bin/../lib/gcc/arm-none-eabi/10.3.1/../../../../arm-none-eabi/lib/thumb/v7e-m+fp/hard\libc_nano.a(lib_a-snprintf.o) (_svfprintf_r)
c:/st/stm32cubeide_1.9.0/stm32cubeide/plugins/com.st.stm32cube.ide.mcu.externaltools.gnu-tools-for-stm32.10.3-2021.10.win32_1.0.0.202111181127/tools/bin/../lib/gcc/arm-none-eabi/10.3.1/../../../../arm-none-eabi/lib/thumb/v7e-m+fp/hard\libc_nano.a(lib_a-nano-vfprintf_i.o)
                              c:/st/stm32cubeide_1.9.0/stm32cubeide/plugins/com.st.stm32cube.ide.mcu.externaltools.gnu-tools-for-stm32.10.3-2021.10.win32_1.0.0.202111181127/tools/bin/../lib/gcc/arm-none-eabi/10.3.1/../../../../arm-none-eabi/lib/thumb/v7e-m+fp/hard\libc_nano.a(lib_a-nano-svfprintf.o) (_printf_i)
[...]
Memory Configuration

Name             Origin             Length             Attributes
RAM              0x0000000020000000 0x0000000000010000 xrw
RAM2             0x0000000010000000 0x0000000000004000 xrw
FLASH            0x0000000008000000 0x0000000000040000 xr
*default*        0x0000000000000000 0xffffffffffffffff

Linker script and memory map

LOAD c:/st/stm32cubeide_1.9.0/stm32cubeide/plugins/com.st.stm32cube.ide.mcu.externaltools.gnu-tools-for-stm32.10.3-2021.10.win32_1.0.0.202111181127/tools/bin/../lib/gcc/arm-none-eabi/10.3.1/thumb/v7e-m+fp/hard/crti.o
LOAD c:/st/stm32cubeide_1.9.0/stm32cubeide/plugins/com.st.stm32cube.ide.mcu.externaltools.gnu-tools-for-stm32.10.3-2021.10.win32_1.0.0.202111181127/tools/bin/../lib/gcc/arm-none-eabi/10.3.1/thumb/v7e-m+fp/hard/crtbegin.o
LOAD c:/st/stm32cubeide_1.9.0/stm32cubeide/plugins/com.st.stm32cube.ide.mcu.externaltools.gnu-tools-for-stm32.10.3-2021.10.win32_1.0.0.202111181127/tools/bin/../lib/gcc/arm-none-eabi/10.3.1/../../../../arm-none-eabi/lib/thumb/v7e-m+fp/hard/crt0.o
LOAD ./Core/Src/main.o
LOAD ./Core/Src/stm32l4xx_hal_msp.o
LOAD ./Core/Src/stm32l4xx_it.o
LOAD ./Core/Src/syscalls.o
LOAD ./Core/Src/sysmem.o
LOAD ./Core/Src/system_stm32l4xx.o
LOAD ./Core/Startup/startup_stm32l432kcux.o
LOAD ./Drivers/OLED/ssd1306.o
LOAD ./Drivers/OLED/ssd1306_fonts.o
LOAD ./Drivers/OLED/ssd1306_tests.o
LOAD ./Drivers/STM32L4xx_HAL_Driver/Src/stm32l4xx_hal.o
LOAD ./Drivers/STM32L4xx_HAL_Driver/Src/stm32l4xx_hal_cortex.o
LOAD ./Drivers/STM32L4xx_HAL_Driver/Src/stm32l4xx_hal_dma.o
LOAD ./Drivers/STM32L4xx_HAL_Driver/Src/stm32l4xx_hal_dma_ex.o
LOAD ./Drivers/STM32L4xx_HAL_Driver/Src/stm32l4xx_hal_exti.o
LOAD ./Drivers/STM32L4xx_HAL_Driver/Src/stm32l4xx_hal_flash.o
LOAD ./Drivers/STM32L4xx_HAL_Driver/Src/stm32l4xx_hal_flash_ex.o
LOAD ./Drivers/STM32L4xx_HAL_Driver/Src/stm32l4xx_hal_flash_ramfunc.o
LOAD ./Drivers/STM32L4xx_HAL_Driver/Src/stm32l4xx_hal_gpio.o
LOAD ./Drivers/STM32L4xx_HAL_Driver/Src/stm32l4xx_hal_i2c.o
LOAD ./Drivers/STM32L4xx_HAL_Driver/Src/stm32l4xx_hal_i2c_ex.o
LOAD ./Drivers/STM32L4xx_HAL_Driver/Src/stm32l4xx_hal_pwr.o
LOAD ./Drivers/STM32L4xx_HAL_Driver/Src/stm32l4xx_hal_pwr_ex.o
LOAD ./Drivers/STM32L4xx_HAL_Driver/Src/stm32l4xx_hal_rcc.o
LOAD ./Drivers/STM32L4xx_HAL_Driver/Src/stm32l4xx_hal_rcc_ex.o
LOAD ./Drivers/STM32L4xx_HAL_Driver/Src/stm32l4xx_hal_tim.o
LOAD ./Drivers/STM32L4xx_HAL_Driver/Src/stm32l4xx_hal_tim_ex.o
START GROUP
LOAD c:/st/stm32cubeide_1.9.0/stm32cubeide/plugins/com.st.stm32cube.ide.mcu.externaltools.gnu-tools-for-stm32.10.3-2021.10.win32_1.0.0.202111181127/tools/bin/../lib/gcc/arm-none-eabi/10.3.1/../../../../arm-none-eabi/lib/thumb/v7e-m+fp/hard\libc_nano.a
LOAD c:/st/stm32cubeide_1.9.0/stm32cubeide/plugins/com.st.stm32cube.ide.mcu.externaltools.gnu-tools-for-stm32.10.3-2021.10.win32_1.0.0.202111181127/tools/bin/../lib/gcc/arm-none-eabi/10.3.1/../../../../arm-none-eabi/lib/thumb/v7e-m+fp/hard\libm.a
END GROUP
START GROUP
LOAD c:/st/stm32cubeide_1.9.0/stm32cubeide/plugins/com.st.stm32cube.ide.mcu.externaltools.gnu-tools-for-stm32.10.3-2021.10.win32_1.0.0.202111181127/tools/bin/../lib/gcc/arm-none-eabi/10.3.1/thumb/v7e-m+fp/hard\libgcc.a
LOAD c:/st/stm32cubeide_1.9.0/stm32cubeide/plugins/com.st.stm32cube.ide.mcu.externaltools.gnu-tools-for-stm32.10.3-2021.10.win32_1.0.0.202111181127/tools/bin/../lib/gcc/arm-none-eabi/10.3.1/../../../../arm-none-eabi/lib/thumb/v7e-m+fp/hard\libc_nano.a
END GROUP
START GROUP
LOAD c:/st/stm32cubeide_1.9.0/stm32cubeide/plugins/com.st.stm32cube.ide.mcu.externaltools.gnu-tools-for-stm32.10.3-2021.10.win32_1.0.0.202111181127/tools/bin/../lib/gcc/arm-none-eabi/10.3.1/thumb/v7e-m+fp/hard\libgcc.a
LOAD c:/st/stm32cubeide_1.9.0/stm32cubeide/plugins/com.st.stm32cube.ide.mcu.externaltools.gnu-tools-for-stm32.10.3-2021.10.win32_1.0.0.202111181127/tools/bin/../lib/gcc/arm-none-eabi/10.3.1/../../../../arm-none-eabi/lib/thumb/v7e-m+fp/hard\libc_nano.a
LOAD c:/st/stm32cubeide_1.9.0/stm32cubeide/plugins/com.st.stm32cube.ide.mcu.externaltools.gnu-tools-for-stm32.10.3-2021.10.win32_1.0.0.202111181127/tools/bin/../lib/gcc/arm-none-eabi/10.3.1/../../../../arm-none-eabi/lib/thumb/v7e-m+fp/hard\libnosys.a
END GROUP
START GROUP
LOAD c:/st/stm32cubeide_1.9.0/stm32cubeide/plugins/com.st.stm32cube.ide.mcu.externaltools.gnu-tools-for-stm32.10.3-2021.10.win32_1.0.0.202111181127/tools/bin/../lib/gcc/arm-none-eabi/10.3.1/thumb/v7e-m+fp/hard\libgcc.a
LOAD c:/st/stm32cubeide_1.9.0/stm32cubeide/plugins/com.st.stm32cube.ide.mcu.externaltools.gnu-tools-for-stm32.10.3-2021.10.win32_1.0.0.202111181127/tools/bin/../lib/gcc/arm-none-eabi/10.3.1/../../../../arm-none-eabi/lib/thumb/v7e-m+fp/hard\libc_nano.a
LOAD c:/st/stm32cubeide_1.9.0/stm32cubeide/plugins/com.st.stm32cube.ide.mcu.externaltools.gnu-tools-for-stm32.10.3-2021.10.win32_1.0.0.202111181127/tools/bin/../lib/gcc/arm-none-eabi/10.3.1/../../../../arm-none-eabi/lib/thumb/v7e-m+fp/hard\libnosys.a
END GROUP
LOAD c:/st/stm32cubeide_1.9.0/stm32cubeide/plugins/com.st.stm32cube.ide.mcu.externaltools.gnu-tools-for-stm32.10.3-2021.10.win32_1.0.0.202111181127/tools/bin/../lib/gcc/arm-none-eabi/10.3.1/thumb/v7e-m+fp/hard/crtend.o
LOAD c:/st/stm32cubeide_1.9.0/stm32cubeide/plugins/com.st.stm32cube.ide.mcu.externaltools.gnu-tools-for-stm32.10.3-2021.10.win32_1.0.0.202111181127/tools/bin/../lib/gcc/arm-none-eabi/10.3.1/thumb/v7e-m+fp/hard/crtn.o
                0x0000000020010000                _estack = (ORIGIN (RAM) + LENGTH (RAM))
                0x0000000000000200                _Min_Heap_Size = 0x200
                0x0000000000000400                _Min_Stack_Size = 0x400

.isr_vector     0x0000000008000000      0x18c
                0x0000000008000000                . = ALIGN (0x4)
 *(.isr_vector)
 .isr_vector    0x0000000008000000      0x18c ./Core/Startup/startup_stm32l432kcux.o
                0x0000000008000000                g_pfnVectors
                0x000000000800018c                . = ALIGN (0x4)

.text           0x000000000800018c     0x37f8
                0x000000000800018c                . = ALIGN (0x4)
 *(.text)
 .text          0x000000000800018c       0x40 c:/st/stm32cubeide_1.9.0/stm32cubeide/plugins/com.st.stm32cube.ide.mcu.externaltools.gnu-tools-for-stm32.10.3-2021.10.win32_1.0.0.202111181127/tools/bin/../lib/gcc/arm-none-eabi/10.3.1/thumb/v7e-m+fp/hard/crtbegin.o
 *(.text*)
 .text.main     0x00000000080001cc      0x300 ./Core/Src/main.o
                0x00000000080001cc                main
 .text.SystemClock_Config
                0x00000000080004cc       0xa2 ./Core/Src/main.o
                0x00000000080004cc                SystemClock_Config
 *fill*         0x000000000800056e        0x2 
 .text.MX_I2C1_Init
                0x0000000008000570       0x80 ./Core/Src/main.o
 .text.MX_GPIO_Init
                0x00000000080005f0       0x74 ./Core/Src/main.o
 .text.Idle_Function
                0x0000000008000664       0x12 ./Core/Src/main.o
                0x0000000008000664                Idle_Function
 *fill*         0x0000000008000676        0x2 
 .text.Start_Screen_Function
                0x0000000008000678       0xe0 ./Core/Src/main.o
                0x0000000008000678                Start_Screen_Function
 .text.Main_Screen_Function
                0x0000000008000758      0x130 ./Core/Src/main.o
                0x0000000008000758                Main_Screen_Function
 .text.Coordinates_Screen_Function
                0x0000000008000888      0x100 ./Core/Src/main.o
                0x0000000008000888                Coordinates_Screen_Function
 .text.Skills_Screen_Function
                0x0000000008000988      0x1c0 ./Core/Src/main.o
                0x0000000008000988                Skills_Screen_Function
 .text.Languaes_Screen_Function
                0x0000000008000b48       0xc0 ./Core/Src/main.o
                0x0000000008000b48                Languaes_Screen_Function
 .text.Projects_Screen_Function
                0x0000000008000c08      0x100 ./Core/Src/main.o
                0x0000000008000c08                Projects_Screen_Function
 .text.Diplomas_Screen_Function
                0x0000000008000d08      0x100 ./Core/Src/main.o
                0x0000000008000d08                Diplomas_Screen_Function
 .text.ProfessionalExperience_Screen_Function
                0x0000000008000e08      0x160 ./Core/Src/main.o
                0x0000000008000e08                ProfessionalExperience_Screen_Function
 .text.HAL_GPIO_EXTI_Callback
                0x0000000008000f68      0x104 ./Core/Src/main.o
                0x0000000008000f68                HAL_GPIO_EXTI_Callback
 .text.Error_Handler
                0x000000000800106c        0xa ./Core/Src/main.o
                0x000000000800106c                Error_Handler
 *fill*         0x0000000008001076        0x2 
 .text.HAL_MspInit
                0x0000000008001078       0x48 ./Core/Src/stm32l4xx_hal_msp.o
                0x0000000008001078                HAL_MspInit
 .text.HAL_I2C_MspInit
                0x00000000080010c0       0xb0 ./Core/Src/stm32l4xx_hal_msp.o
                0x00000000080010c0                HAL_I2C_MspInit
 .text.NMI_Handler
                0x0000000008001170        0x6 ./Core/Src/stm32l4xx_it.o
                0x0000000008001170                NMI_Handler
 .text.HardFault_Handler
                0x0000000008001176        0x6 ./Core/Src/stm32l4xx_it.o
                0x0000000008001176                HardFault_Handler
 .text.MemManage_Handler
                0x000000000800117c        0x6 ./Core/Src/stm32l4xx_it.o
                0x000000000800117c                MemManage_Handler
 .text.BusFault_Handler
                0x0000000008001182        0x6 ./Core/Src/stm32l4xx_it.o
                0x0000000008001182                BusFault_Handler
 .text.UsageFault_Handler
                0x0000000008001188        0x6 ./Core/Src/stm32l4xx_it.o
                0x0000000008001188                UsageFault_Handler
 .text.SVC_Handler
                0x000000000800118e        0xe ./Core/Src/stm32l4xx_it.o
                0x000000000800118e                SVC_Handler
 .text.DebugMon_Handler
                0x000000000800119c        0xe ./Core/Src/stm32l4xx_it.o
                0x000000000800119c                DebugMon_Handler
 .text.PendSV_Handler
                0x00000000080011aa        0xe ./Core/Src/stm32l4xx_it.o
                0x00000000080011aa                PendSV_Handler
 .text.SysTick_Handler
                0x00000000080011b8        0xc ./Core/Src/stm32l4xx_it.o
                0x00000000080011b8                SysTick_Handler
 .text.EXTI4_IRQHandler
                0x00000000080011c4        0xe ./Core/Src/stm32l4xx_it.o
                0x00000000080011c4                EXTI4_IRQHandler
 .text.EXTI9_5_IRQHandler
                0x00000000080011d2       0x1a ./Core/Src/stm32l4xx_it.o
                0x00000000080011d2                EXTI9_5_IRQHandler
 .text.SystemInit
                0x00000000080011ec       0x24 ./Core/Src/system_stm32l4xx.o
                0x00000000080011ec                SystemInit
 .text.Reset_Handler
                0x0000000008001210       0x50 ./Core/Startup/startup_stm32l432kcux.o
                0x0000000008001210                Reset_Handler
 .text.Default_Handler
                0x0000000008001260        0x2 ./Core/Startup/startup_stm32l432kcux.o
                0x0000000008001260                RTC_Alarm_IRQHandler
                0x0000000008001260                EXTI2_IRQHandler
                0x0000000008001260                TIM1_CC_IRQHandler
                0x0000000008001260                TSC_IRQHandler
                0x0000000008001260                TAMP_STAMP_IRQHandler
                0x0000000008001260                EXTI3_IRQHandler
                0x0000000008001260                LPTIM2_IRQHandler
                0x0000000008001260                I2C3_ER_IRQHandler
                0x0000000008001260                EXTI0_IRQHandler
                0x0000000008001260                CAN1_RX0_IRQHandler
                0x0000000008001260                FPU_IRQHandler
                0x0000000008001260                TIM1_UP_TIM16_IRQHandler
                0x0000000008001260                SPI1_IRQHandler
                0x0000000008001260                TIM6_DAC_IRQHandler
                0x0000000008001260                DMA2_Channel2_IRQHandler
                0x0000000008001260                DMA1_Channel4_IRQHandler
                0x0000000008001260                ADC1_IRQHandler
                0x0000000008001260                DMA1_Channel7_IRQHandler
                0x0000000008001260                CAN1_RX1_IRQHandler
                0x0000000008001260                DMA2_Channel1_IRQHandler
                0x0000000008001260                QUADSPI_IRQHandler
                0x0000000008001260                I2C1_EV_IRQHandler
                0x0000000008001260                DMA1_Channel6_IRQHandler
                0x0000000008001260                DMA2_Channel4_IRQHandler
                0x0000000008001260                RCC_IRQHandler
                0x0000000008001260                TIM1_TRG_COM_IRQHandler
                0x0000000008001260                DMA1_Channel1_IRQHandler
                0x0000000008001260                Default_Handler
                0x0000000008001260                DMA2_Channel7_IRQHandler
                0x0000000008001260                EXTI15_10_IRQHandler
                0x0000000008001260                TIM7_IRQHandler
                0x0000000008001260                I2C3_EV_IRQHandler
                0x0000000008001260                USB_IRQHandler
                0x0000000008001260                RTC_WKUP_IRQHandler
                0x0000000008001260                PVD_PVM_IRQHandler
                0x0000000008001260                CAN1_TX_IRQHandler
                0x0000000008001260                DMA2_Channel5_IRQHandler
                0x0000000008001260                CRS_IRQHandler
                0x0000000008001260                DMA1_Channel5_IRQHandler
                0x0000000008001260                RNG_IRQHandler
                0x0000000008001260                DMA1_Channel3_IRQHandler
                0x0000000008001260                COMP_IRQHandler
                0x0000000008001260                WWDG_IRQHandler
                0x0000000008001260                LPUART1_IRQHandler
                0x0000000008001260                DMA2_Channel6_IRQHandler
                0x0000000008001260                TIM2_IRQHandler
                0x0000000008001260                EXTI1_IRQHandler
                0x0000000008001260                USART2_IRQHandler
                0x0000000008001260                DMA1_Channel2_IRQHandler
                0x0000000008001260                CAN1_SCE_IRQHandler
                0x0000000008001260                FLASH_IRQHandler
                0x0000000008001260                USART1_IRQHandler
                0x0000000008001260                SPI3_IRQHandler
                0x0000000008001260                I2C1_ER_IRQHandler
                0x0000000008001260                SWPMI1_IRQHandler
                0x0000000008001260                LPTIM1_IRQHandler
                0x0000000008001260                SAI1_IRQHandler
                0x0000000008001260                DMA2_Channel3_IRQHandler
                0x0000000008001260                TIM1_BRK_TIM15_IRQHandler
 .text.ssd1306_Reset
                0x0000000008001262        0xe ./Drivers/OLED/ssd1306.o
                0x0000000008001262                ssd1306_Reset
 .text.ssd1306_WriteCommand
                0x0000000008001270       0x30 ./Drivers/OLED/ssd1306.o
                0x0000000008001270                ssd1306_WriteCommand
 .text.ssd1306_WriteData
                0x00000000080012a0       0x34 ./Drivers/OLED/ssd1306.o
                0x00000000080012a0                ssd1306_WriteData
 .text.ssd1306_Init
                0x00000000080012d4       0xd4 ./Drivers/OLED/ssd1306.o
                0x00000000080012d4                ssd1306_Init
 .text.ssd1306_Fill
                0x00000000080013a8       0x48 ./Drivers/OLED/ssd1306.o
                0x00000000080013a8                ssd1306_Fill
 .text.ssd1306_UpdateScreen
                0x00000000080013f0       0x50 ./Drivers/OLED/ssd1306.o
                0x00000000080013f0                ssd1306_UpdateScreen
 .text.ssd1306_DrawPixel
                0x0000000008001440       0xa8 ./Drivers/OLED/ssd1306.o
                0x0000000008001440                ssd1306_DrawPixel
 .text.ssd1306_WriteChar
                0x00000000080014e8      0x110 ./Drivers/OLED/ssd1306.o
                0x00000000080014e8                ssd1306_WriteChar
 .text.ssd1306_WriteString
                0x00000000080015f8       0x4c ./Drivers/OLED/ssd1306.o
                0x00000000080015f8                ssd1306_WriteString
 .text.ssd1306_SetCursor
                0x0000000008001644       0x30 ./Drivers/OLED/ssd1306.o
                0x0000000008001644                ssd1306_SetCursor
 .text.ssd1306_SetContrast
                0x0000000008001674       0x26 ./Drivers/OLED/ssd1306.o
                0x0000000008001674                ssd1306_SetContrast
 *fill*         0x000000000800169a        0x2 
 .text.ssd1306_SetDisplayOn
                0x000000000800169c       0x3c ./Drivers/OLED/ssd1306.o
                0x000000000800169c                ssd1306_SetDisplayOn
 .text.HAL_Init
                0x00000000080016d8       0x30 ./Drivers/STM32L4xx_HAL_Driver/Src/stm32l4xx_hal.o
                0x00000000080016d8                HAL_Init
 .text.HAL_InitTick
                0x0000000008001708       0x78 ./Drivers/STM32L4xx_HAL_Driver/Src/stm32l4xx_hal.o
                0x0000000008001708                HAL_InitTick
 .text.HAL_IncTick
                0x0000000008001780       0x28 ./Drivers/STM32L4xx_HAL_Driver/Src/stm32l4xx_hal.o
                0x0000000008001780                HAL_IncTick
 .text.HAL_GetTick
                0x00000000080017a8       0x18 ./Drivers/STM32L4xx_HAL_Driver/Src/stm32l4xx_hal.o
                0x00000000080017a8                HAL_GetTick
 .text.HAL_Delay
                0x00000000080017c0       0x48 ./Drivers/STM32L4xx_HAL_Driver/Src/stm32l4xx_hal.o
                0x00000000080017c0                HAL_Delay
 .text.__NVIC_SetPriorityGrouping
                0x0000000008001808       0x48 ./Drivers/STM32L4xx_HAL_Driver/Src/stm32l4xx_hal_cortex.o
 .text.__NVIC_GetPriorityGrouping
                0x0000000008001850       0x1c ./Drivers/STM32L4xx_HAL_Driver/Src/stm32l4xx_hal_cortex.o
 .text.__NVIC_EnableIRQ
                0x000000000800186c       0x3c ./Drivers/STM32L4xx_HAL_Driver/Src/stm32l4xx_hal_cortex.o
 .text.__NVIC_SetPriority
                0x00000000080018a8       0x54 ./Drivers/STM32L4xx_HAL_Driver/Src/stm32l4xx_hal_cortex.o
 .text.NVIC_EncodePriority
                0x00000000080018fc       0x66 ./Drivers/STM32L4xx_HAL_Driver/Src/stm32l4xx_hal_cortex.o
 *fill*         0x0000000008001962        0x2 
 .text.SysTick_Config
                0x0000000008001964       0x44 ./Drivers/STM32L4xx_HAL_Driver/Src/stm32l4xx_hal_cortex.o
 .text.HAL_NVIC_SetPriorityGrouping
                0x00000000080019a8       0x16 ./Drivers/STM32L4xx_HAL_Driver/Src/stm32l4xx_hal_cortex.o
                0x00000000080019a8                HAL_NVIC_SetPriorityGrouping
 .text.HAL_NVIC_SetPriority
                0x00000000080019be       0x38 ./Drivers/STM32L4xx_HAL_Driver/Src/stm32l4xx_hal_cortex.o
                0x00000000080019be                HAL_NVIC_SetPriority
 .text.HAL_NVIC_EnableIRQ
                0x00000000080019f6       0x1c ./Drivers/STM32L4xx_HAL_Driver/Src/stm32l4xx_hal_cortex.o
                0x00000000080019f6                HAL_NVIC_EnableIRQ
 .text.HAL_SYSTICK_Config
                0x0000000008001a12       0x18 ./Drivers/STM32L4xx_HAL_Driver/Src/stm32l4xx_hal_cortex.o
                0x0000000008001a12                HAL_SYSTICK_Config
 *fill*         0x0000000008001a2a        0x2 
 .text.HAL_GPIO_Init
                0x0000000008001a2c      0x2d4 ./Drivers/STM32L4xx_HAL_Driver/Src/stm32l4xx_hal_gpio.o
                0x0000000008001a2c                HAL_GPIO_Init
 .text.HAL_GPIO_ReadPin
                0x0000000008001d00       0x30 ./Drivers/STM32L4xx_HAL_Driver/Src/stm32l4xx_hal_gpio.o
                0x0000000008001d00                HAL_GPIO_ReadPin
 .text.HAL_GPIO_EXTI_IRQHandler
                0x0000000008001d30       0x30 ./Drivers/STM32L4xx_HAL_Driver/Src/stm32l4xx_hal_gpio.o
                0x0000000008001d30                HAL_GPIO_EXTI_IRQHandler
 .text.HAL_I2C_Init
                0x0000000008001d60      0x11e ./Drivers/STM32L4xx_HAL_Driver/Src/stm32l4xx_hal_i2c.o
                0x0000000008001d60                HAL_I2C_Init
 *fill*         0x0000000008001e7e        0x2 
 .text.HAL_I2C_Mem_Write
                0x0000000008001e80      0x228 ./Drivers/STM32L4xx_HAL_Driver/Src/stm32l4xx_hal_i2c.o
                0x0000000008001e80                HAL_I2C_Mem_Write
 .text.I2C_RequestMemoryWrite
                0x00000000080020a8       0xa8 ./Drivers/STM32L4xx_HAL_Driver/Src/stm32l4xx_hal_i2c.o
 .text.I2C_Flush_TXDR
                0x0000000008002150       0x48 ./Drivers/STM32L4xx_HAL_Driver/Src/stm32l4xx_hal_i2c.o
 .text.I2C_WaitOnFlagUntilTimeout
                0x0000000008002198       0x80 ./Drivers/STM32L4xx_HAL_Driver/Src/stm32l4xx_hal_i2c.o
 .text.I2C_WaitOnTXISFlagUntilTimeout
                0x0000000008002218       0x80 ./Drivers/STM32L4xx_HAL_Driver/Src/stm32l4xx_hal_i2c.o
 .text.I2C_WaitOnSTOPFlagUntilTimeout
                0x0000000008002298       0x78 ./Drivers/STM32L4xx_HAL_Driver/Src/stm32l4xx_hal_i2c.o
 .text.I2C_IsErrorOccurred
                0x0000000008002310      0x1d8 ./Drivers/STM32L4xx_HAL_Driver/Src/stm32l4xx_hal_i2c.o
 .text.I2C_TransferConfig
                0x00000000080024e8       0x64 ./Drivers/STM32L4xx_HAL_Driver/Src/stm32l4xx_hal_i2c.o
 .text.HAL_I2CEx_ConfigAnalogFilter
                0x000000000800254c       0x96 ./Drivers/STM32L4xx_HAL_Driver/Src/stm32l4xx_hal_i2c_ex.o
                0x000000000800254c                HAL_I2CEx_ConfigAnalogFilter
 .text.HAL_I2CEx_ConfigDigitalFilter
                0x00000000080025e2       0x98 ./Drivers/STM32L4xx_HAL_Driver/Src/stm32l4xx_hal_i2c_ex.o
                0x00000000080025e2                HAL_I2CEx_ConfigDigitalFilter
 *fill*         0x000000000800267a        0x2 
 .text.HAL_PWREx_GetVoltageRange
                0x000000000800267c       0x1c ./Drivers/STM32L4xx_HAL_Driver/Src/stm32l4xx_hal_pwr_ex.o
                0x000000000800267c                HAL_PWREx_GetVoltageRange
 .text.HAL_PWREx_ControlVoltageScaling
                0x0000000008002698       0xac ./Drivers/STM32L4xx_HAL_Driver/Src/stm32l4xx_hal_pwr_ex.o
                0x0000000008002698                HAL_PWREx_ControlVoltageScaling
 .text.HAL_RCC_OscConfig
                0x0000000008002744      0x828 ./Drivers/STM32L4xx_HAL_Driver/Src/stm32l4xx_hal_rcc.o
                0x0000000008002744                HAL_RCC_OscConfig
 .text.HAL_RCC_ClockConfig
                0x0000000008002f6c      0x200 ./Drivers/STM32L4xx_HAL_Driver/Src/stm32l4xx_hal_rcc.o
                0x0000000008002f6c                HAL_RCC_ClockConfig
 .text.HAL_RCC_GetSysClockFreq
                0x000000000800316c      0x118 ./Drivers/STM32L4xx_HAL_Driver/Src/stm32l4xx_hal_rcc.o
                0x000000000800316c                HAL_RCC_GetSysClockFreq
 .text.RCC_SetFlashLatencyFromMSIRange
                0x0000000008003284       0xc0 ./Drivers/STM32L4xx_HAL_Driver/Src/stm32l4xx_hal_rcc.o
 .text.HAL_RCCEx_PeriphCLKConfig
                0x0000000008003344      0x3ec ./Drivers/STM32L4xx_HAL_Driver/Src/stm32l4xx_hal_rcc_ex.o
                0x0000000008003344                HAL_RCCEx_PeriphCLKConfig
 .text.RCCEx_PLLSAI1_Config
                0x0000000008003730      0x1e4 ./Drivers/STM32L4xx_HAL_Driver/Src/stm32l4xx_hal_rcc_ex.o
 .text.__libc_init_array
                0x0000000008003914       0x48 c:/st/stm32cubeide_1.9.0/stm32cubeide/plugins/com.st.stm32cube.ide.mcu.externaltools.gnu-tools-for-stm32.10.3-2021.10.win32_1.0.0.202111181127/tools/bin/../lib/gcc/arm-none-eabi/10.3.1/../../../../arm-none-eabi/lib/thumb/v7e-m+fp/hard\libc_nano.a(lib_a-init.o)
                0x0000000008003914                __libc_init_array
 .text.memset   0x000000000800395c       0x10 c:/st/stm32cubeide_1.9.0/stm32cubeide/plugins/com.st.stm32cube.ide.mcu.externaltools.gnu-tools-for-stm32.10.3-2021.10.win32_1.0.0.202111181127/tools/bin/../lib/gcc/arm-none-eabi/10.3.1/../../../../arm-none-eabi/lib/thumb/v7e-m+fp/hard\libc_nano.a(lib_a-memset.o)
                0x000000000800395c                memset
 *(.glue_7)
 .glue_7        0x000000000800396c        0x0 linker stubs
 *(.glue_7t)
 .glue_7t       0x000000000800396c        0x0 linker stubs
 *(.eh_frame)
 .eh_frame      0x000000000800396c        0x0 c:/st/stm32cubeide_1.9.0/stm32cubeide/plugins/com.st.stm32cube.ide.mcu.externaltools.gnu-tools-for-stm32.10.3-2021.10.win32_1.0.0.202111181127/tools/bin/../lib/gcc/arm-none-eabi/10.3.1/thumb/v7e-m+fp/hard/crtbegin.o
 *(.init)
 .init          0x000000000800396c        0x4 c:/st/stm32cubeide_1.9.0/stm32cubeide/plugins/com.st.stm32cube.ide.mcu.externaltools.gnu-tools-for-stm32.10.3-2021.10.win32_1.0.0.202111181127/tools/bin/../lib/gcc/arm-none-eabi/10.3.1/thumb/v7e-m+fp/hard/crti.o
                0x000000000800396c                _init
 .init          0x0000000008003970        0x8 c:/st/stm32cubeide_1.9.0/stm32cubeide/plugins/com.st.stm32cube.ide.mcu.externaltools.gnu-tools-for-stm32.10.3-2021.10.win32_1.0.0.202111181127/tools/bin/../lib/gcc/arm-none-eabi/10.3.1/thumb/v7e-m+fp/hard/crtn.o
 *(.fini)
 .fini          0x0000000008003978        0x4 c:/st/stm32cubeide_1.9.0/stm32cubeide/plugins/com.st.stm32cube.ide.mcu.externaltools.gnu-tools-for-stm32.10.3-2021.10.win32_1.0.0.202111181127/tools/bin/../lib/gcc/arm-none-eabi/10.3.1/thumb/v7e-m+fp/hard/crti.o
                0x0000000008003978                _fini
 .fini          0x000000000800397c        0x8 c:/st/stm32cubeide_1.9.0/stm32cubeide/plugins/com.st.stm32cube.ide.mcu.externaltools.gnu-tools-for-stm32.10.3-2021.10.win32_1.0.0.202111181127/tools/bin/../lib/gcc/arm-none-eabi/10.3.1/thumb/v7e-m+fp/hard/crtn.o
                0x0000000008003984                . = ALIGN (0x4)
                0x0000000008003984                _etext = .

.vfp11_veneer   0x0000000008003984        0x0
 .vfp11_veneer  0x0000000008003984        0x0 linker stubs

.v4_bx          0x0000000008003984        0x0
 .v4_bx         0x0000000008003984        0x0 linker stubs

.iplt           0x0000000008003984        0x0
 .iplt          0x0000000008003984        0x0 c:/st/stm32cubeide_1.9.0/stm32cubeide/plugins/com.st.stm32cube.ide.mcu.externaltools.gnu-tools-for-stm32.10.3-2021.10.win32_1.0.0.202111181127/tools/bin/../lib/gcc/arm-none-eabi/10.3.1/thumb/v7e-m+fp/hard/crtbegin.o

.rodata         0x0000000008003984     0x1068
                0x0000000008003984                . = ALIGN (0x4)
 *(.rodata)
 .rodata        0x0000000008003984      0x2cb ./Core/Src/main.o
 *(.rodata*)
 *fill*         0x0000000008003c4f        0x1 
 .rodata.AHBPrescTable
                0x0000000008003c50       0x10 ./Core/Src/system_stm32l4xx.o
                0x0000000008003c50                AHBPrescTable
 .rodata.MSIRangeTable
                0x0000000008003c60       0x30 ./Core/Src/system_stm32l4xx.o
                0x0000000008003c60                MSIRangeTable
 .rodata.Font7x10
                0x0000000008003c90      0x76c ./Drivers/OLED/ssd1306_fonts.o
 .rodata.Font6x8
                0x00000000080043fc      0x5f0 ./Drivers/OLED/ssd1306_fonts.o
                0x00000000080049ec                . = ALIGN (0x4)

.rel.dyn        0x00000000080049ec        0x0
 .rel.iplt      0x00000000080049ec        0x0 c:/st/stm32cubeide_1.9.0/stm32cubeide/plugins/com.st.stm32cube.ide.mcu.externaltools.gnu-tools-for-stm32.10.3-2021.10.win32_1.0.0.202111181127/tools/bin/../lib/gcc/arm-none-eabi/10.3.1/thumb/v7e-m+fp/hard/crtbegin.o

.ARM.extab      0x00000000080049ec        0x0
                0x00000000080049ec                . = ALIGN (0x4)
 *(.ARM.extab* .gnu.linkonce.armextab.*)
                0x00000000080049ec                . = ALIGN (0x4)

.ARM            0x00000000080049ec        0x0
                0x00000000080049ec                . = ALIGN (0x4)
                0x00000000080049ec                __exidx_start = .
 *(.ARM.exidx*)
                0x00000000080049ec                __exidx_end = .
                0x00000000080049ec                . = ALIGN (0x4)

.preinit_array  0x00000000080049ec        0x0
                0x00000000080049ec                . = ALIGN (0x4)
                0x00000000080049ec                PROVIDE (__preinit_array_start = .)
 *(.preinit_array*)
                0x00000000080049ec                PROVIDE (__preinit_array_end = .)
                0x00000000080049ec                . = ALIGN (0x4)

.init_array     0x00000000080049ec        0x4
                0x00000000080049ec                . = ALIGN (0x4)
                0x00000000080049ec                PROVIDE (__init_array_start = .)
 *(SORT_BY_NAME(.init_array.*))
 *(.init_array*)
 .init_array    0x00000000080049ec        0x4 c:/st/stm32cubeide_1.9.0/stm32cubeide/plugins/com.st.stm32cube.ide.mcu.externaltools.gnu-tools-for-stm32.10.3-2021.10.win32_1.0.0.202111181127/tools/bin/../lib/gcc/arm-none-eabi/10.3.1/thumb/v7e-m+fp/hard/crtbegin.o
                0x00000000080049f0                PROVIDE (__init_array_end = .)
                0x00000000080049f0                . = ALIGN (0x4)

.fini_array     0x00000000080049f0        0x4
                0x00000000080049f0                . = ALIGN (0x4)
                [!provide]                        PROVIDE (__fini_array_start = .)
 *(SORT_BY_NAME(.fini_array.*))
 *(.fini_array*)
 .fini_array    0x00000000080049f0        0x4 c:/st/stm32cubeide_1.9.0/stm32cubeide/plugins/com.st.stm32cube.ide.mcu.externaltools.gnu-tools-for-stm32.10.3-2021.10.win32_1.0.0.202111181127/tools/bin/../lib/gcc/arm-none-eabi/10.3.1/thumb/v7e-m+fp/hard/crtbegin.o
                [!provide]                        PROVIDE (__fini_array_end = .)
                0x00000000080049f4                . = ALIGN (0x4)
                0x00000000080049f4                _sidata = LOADADDR (.data)

.data           0x0000000020000000       0x20 load address 0x00000000080049f4
                0x0000000020000000                . = ALIGN (0x4)
                0x0000000020000000                _sdata = .
 *(.data)
 *(.data*)
 .data.Choice   0x0000000020000000        0x1 ./Core/Src/main.o
                0x0000000020000000                Choice
 *fill*         0x0000000020000001        0x3 
 .data.SystemCoreClock
                0x0000000020000004        0x4 ./Core/Src/system_stm32l4xx.o
                0x0000000020000004                SystemCoreClock
 .data.Font_6x8
                0x0000000020000008        0x8 ./Drivers/OLED/ssd1306_fonts.o
                0x0000000020000008                Font_6x8
 .data.Font_7x10
                0x0000000020000010        0x8 ./Drivers/OLED/ssd1306_fonts.o
                0x0000000020000010                Font_7x10
 .data.uwTickPrio
                0x0000000020000018        0x4 ./Drivers/STM32L4xx_HAL_Driver/Src/stm32l4xx_hal.o
                0x0000000020000018                uwTickPrio
 .data.uwTickFreq
                0x000000002000001c        0x1 ./Drivers/STM32L4xx_HAL_Driver/Src/stm32l4xx_hal.o
                0x000000002000001c                uwTickFreq
 *(.RamFunc)
 *(.RamFunc*)
                0x0000000020000020                . = ALIGN (0x4)
 *fill*         0x000000002000001d        0x3 
                0x0000000020000020                _edata = .

.igot.plt       0x0000000020000020        0x0 load address 0x0000000008004a14
 .igot.plt      0x0000000020000020        0x0 c:/st/stm32cubeide_1.9.0/stm32cubeide/plugins/com.st.stm32cube.ide.mcu.externaltools.gnu-tools-for-stm32.10.3-2021.10.win32_1.0.0.202111181127/tools/bin/../lib/gcc/arm-none-eabi/10.3.1/thumb/v7e-m+fp/hard/crtbegin.o
                0x0000000020000020                . = ALIGN (0x4)

.bss            0x0000000020000020      0x480 load address 0x0000000008004a14
                0x0000000020000020                _sbss = .
                0x0000000020000020                __bss_start__ = _sbss
 *(.bss)
 .bss           0x0000000020000020       0x1c c:/st/stm32cubeide_1.9.0/stm32cubeide/plugins/com.st.stm32cube.ide.mcu.externaltools.gnu-tools-for-stm32.10.3-2021.10.win32_1.0.0.202111181127/tools/bin/../lib/gcc/arm-none-eabi/10.3.1/thumb/v7e-m+fp/hard/crtbegin.o
 *(.bss*)
 .bss.hi2c1     0x000000002000003c       0x54 ./Core/Src/main.o
                0x000000002000003c                hi2c1
 .bss.ret       0x0000000020000090        0x1 ./Core/Src/main.o
                0x0000000020000090                ret
 .bss.Current_State
                0x0000000020000091        0x1 ./Core/Src/main.o
                0x0000000020000091                Current_State
 .bss.Number_of_states
                0x0000000020000092        0x1 ./Core/Src/main.o
                0x0000000020000092                Number_of_states
 *fill*         0x0000000020000093        0x1 
 .bss.SSD1306_Buffer
                0x0000000020000094      0x400 ./Drivers/OLED/ssd1306.o
 .bss.SSD1306   0x0000000020000494        0x6 ./Drivers/OLED/ssd1306.o
 *fill*         0x000000002000049a        0x2 
 .bss.uwTick    0x000000002000049c        0x4 ./Drivers/STM32L4xx_HAL_Driver/Src/stm32l4xx_hal.o
                0x000000002000049c                uwTick
 *(COMMON)
                0x00000000200004a0                . = ALIGN (0x4)
                0x00000000200004a0                _ebss = .
                0x00000000200004a0                __bss_end__ = _ebss

._user_heap_stack
                0x00000000200004a0      0x600 load address 0x0000000008004a14
                0x00000000200004a0                . = ALIGN (0x8)
                [!provide]                        PROVIDE (end = .)
                0x00000000200004a0                PROVIDE (_end = .)
                0x00000000200006a0                . = (. + _Min_Heap_Size)
 *fill*         0x00000000200004a0      0x200 
                0x0000000020000aa0                . = (. + _Min_Stack_Size)
 *fill*         0x00000000200006a0      0x400 
                0x0000000020000aa0                . = ALIGN (0x8)

/DISCARD/
 libc.a(*)
 libm.a(*)
 libgcc.a(*)

.ARM.attributes
                0x0000000000000000       0x30
 *(.ARM.attributes)
 .ARM.attributes
                0x0000000000000000       0x1e c:/st/stm32cubeide_1.9.0/stm32cubeide/plugins/com.st.stm32cube.ide.mcu.externaltools.gnu-tools-for-stm32.10.3-2021.10.win32_1.0.0.202111181127/tools/bin/../lib/gcc/arm-none-eabi/10.3.1/thumb/v7e-m+fp/hard/crti.o
 .ARM.attributes
                0x000000000000001e       0x34 c:/st/stm32cubeide_1.9.0/stm32cubeide/plugins/com.st.stm32cube.ide.mcu.externaltools.gnu-tools-for-stm32.10.3-2021.10.win32_1.0.0.202111181127/tools/bin/../lib/gcc/arm-none-eabi/10.3.1/thumb/v7e-m+fp/hard/crtbegin.o
 .ARM.attributes
                0x0000000000000052       0x34 ./Core/Src/main.o
 .ARM.attributes
                0x0000000000000086       0x34 ./Core/Src/stm32l4xx_hal_msp.o
 .ARM.attributes
                0x00000000000000ba       0x34 ./Core/Src/stm32l4xx_it.o
 .ARM.attributes
                0x00000000000000ee       0x34 ./Core/Src/system_stm32l4xx.o
 .ARM.attributes
                0x0000000000000122       0x21 ./Core/Startup/startup_stm32l432kcux.o
 .ARM.attributes
                0x0000000000000143       0x34 ./Drivers/OLED/ssd1306.o
 .ARM.attributes
                0x0000000000000177       0x34 ./Drivers/OLED/ssd1306_fonts.o
 .ARM.attributes
                0x00000000000001ab       0x34 ./Drivers/STM32L4xx_HAL_Driver/Src/stm32l4xx_hal.o
 .ARM.attributes
                0x00000000000001df       0x34 ./Drivers/STM32L4xx_HAL_Driver/Src/stm32l4xx_hal_cortex.o
 .ARM.attributes
                0x0000000000000213       0x34 ./Drivers/STM32L4xx_HAL_Driver/Src/stm32l4xx_hal_gpio.o
 .ARM.attributes
                0x0000000000000247       0x34 ./Drivers/STM32L4xx_HAL_Driver/Src/stm32l4xx_hal_i2c.o
 .ARM.attributes
                0x000000000000027b       0x34 ./Drivers/STM32L4xx_HAL_Driver/Src/stm32l4xx_hal_i2c_ex.o
 .ARM.attributes
                0x00000000000002af       0x34 ./Drivers/STM32L4xx_HAL_Driver/Src/stm32l4xx_hal_pwr_ex.o
 .ARM.attributes
                0x00000000000002e3       0x34 ./Drivers/STM32L4xx_HAL_Driver/Src/stm32l4xx_hal_rcc.o
 .ARM.attributes
                0x0000000000000317       0x34 ./Drivers/STM32L4xx_HAL_Driver/Src/stm32l4xx_hal_rcc_ex.o
 .ARM.attributes
                0x000000000000034b       0x34 c:/st/stm32cubeide_1.9.0/stm32cubeide/plugins/com.st.stm32cube.ide.mcu.externaltools.gnu-tools-for-stm32.10.3-2021.10.win32_1.0.0.202111181127/tools/bin/../lib/gcc/arm-none-eabi/10.3.1/../../../../arm-none-eabi/lib/thumb/v7e-m+fp/hard\libc_nano.a(lib_a-init.o)
 .ARM.attributes
                0x000000000000037f       0x34 c:/st/stm32cubeide_1.9.0/stm32cubeide/plugins/com.st.stm32cube.ide.mcu.externaltools.gnu-tools-for-stm32.10.3-2021.10.win32_1.0.0.202111181127/tools/bin/../lib/gcc/arm-none-eabi/10.3.1/../../../../arm-none-eabi/lib/thumb/v7e-m+fp/hard\libc_nano.a(lib_a-memset.o)
 .ARM.attributes
                0x00000000000003b3       0x1e c:/st/stm32cubeide_1.9.0/stm32cubeide/plugins/com.st.stm32cube.ide.mcu.externaltools.gnu-tools-for-stm32.10.3-2021.10.win32_1.0.0.202111181127/tools/bin/../lib/gcc/arm-none-eabi/10.3.1/thumb/v7e-m+fp/hard/crtn.o
OUTPUT(cv_l4.elf elf32-littlearm)
LOAD linker stubs
LOAD c:/st/stm32cubeide_1.9.0/stm32cubeide/plugins/com.st.stm32cube.ide.mcu.externaltools.gnu-tools-for-stm32.10.3-2021.10.win32_1.0.0.202111181127/tools/bin/../lib/gcc/arm-none-eabi/10.3.1/../../../../arm-none-eabi/lib/thumb/v7e-m+fp/hard\libc.a
LOAD c:/st/stm32cubeide_1.9.0/stm32cubeide/plugins/com.st.stm32cube.ide.mcu.externaltools.gnu-tools-for-stm32.10.3-2021.10.win32_1.0.0.202111181127/tools/bin/../lib/gcc/arm-none-eabi/10.3.1/../../../../arm-none-eabi/lib/thumb/v7e-m+fp/hard\libm.a
LOAD c:/st/stm32cubeide_1.9.0/stm32cubeide/plugins/com.st.stm32cube.ide.mcu.externaltools.gnu-tools-for-stm32.10.3-2021.10.win32_1.0.0.202111181127/tools/bin/../lib/gcc/arm-none-eabi/10.3.1/thumb/v7e-m+fp/hard\libgcc.a

.debug_info     0x0000000000000000     0xab4b
 .debug_info    0x0000000000000000     0x1171 ./Core/Src/main.o
 .debug_info    0x0000000000001171      0xc19 ./Core/Src/stm32l4xx_hal_msp.o
 .debug_info    0x0000000000001d8a      0x171 ./Core/Src/stm32l4xx_it.o
 .debug_info    0x0000000000001efb      0x5d4 ./Core/Src/system_stm32l4xx.o
 .debug_info    0x00000000000024cf       0x22 ./Core/Startup/startup_stm32l432kcux.o
 .debug_info    0x00000000000024f1     0x12a4 ./Drivers/OLED/ssd1306.o
 .debug_info    0x0000000000003795      0x236 ./Drivers/OLED/ssd1306_fonts.o
 .debug_info    0x00000000000039cb      0x9da ./Drivers/STM32L4xx_HAL_Driver/Src/stm32l4xx_hal.o
 .debug_info    0x00000000000043a5      0xda3 ./Drivers/STM32L4xx_HAL_Driver/Src/stm32l4xx_hal_cortex.o
 .debug_info    0x0000000000005148      0x821 ./Drivers/STM32L4xx_HAL_Driver/Src/stm32l4xx_hal_gpio.o
 .debug_info    0x0000000000005969     0x2232 ./Drivers/STM32L4xx_HAL_Driver/Src/stm32l4xx_hal_i2c.o
 .debug_info    0x0000000000007b9b      0xa53 ./Drivers/STM32L4xx_HAL_Driver/Src/stm32l4xx_hal_i2c_ex.o
 .debug_info    0x00000000000085ee      0x96b ./Drivers/STM32L4xx_HAL_Driver/Src/stm32l4xx_hal_pwr_ex.o
 .debug_info    0x0000000000008f59      0xc97 ./Drivers/STM32L4xx_HAL_Driver/Src/stm32l4xx_hal_rcc.o
 .debug_info    0x0000000000009bf0      0xf5b ./Drivers/STM32L4xx_HAL_Driver/Src/stm32l4xx_hal_rcc_ex.o

.debug_abbrev   0x0000000000000000     0x1ce3
 .debug_abbrev  0x0000000000000000      0x310 ./Core/Src/main.o
 .debug_abbrev  0x0000000000000310      0x1c9 ./Core/Src/stm32l4xx_hal_msp.o
 .debug_abbrev  0x00000000000004d9       0x9f ./Core/Src/stm32l4xx_it.o
 .debug_abbrev  0x0000000000000578      0x116 ./Core/Src/system_stm32l4xx.o
 .debug_abbrev  0x000000000000068e       0x12 ./Core/Startup/startup_stm32l432kcux.o
 .debug_abbrev  0x00000000000006a0      0x35a ./Drivers/OLED/ssd1306.o
 .debug_abbrev  0x00000000000009fa       0xbe ./Drivers/OLED/ssd1306_fonts.o
 .debug_abbrev  0x0000000000000ab8      0x21e ./Drivers/STM32L4xx_HAL_Driver/Src/stm32l4xx_hal.o
 .debug_abbrev  0x0000000000000cd6      0x316 ./Drivers/STM32L4xx_HAL_Driver/Src/stm32l4xx_hal_cortex.o
 .debug_abbrev  0x0000000000000fec      0x1bb ./Drivers/STM32L4xx_HAL_Driver/Src/stm32l4xx_hal_gpio.o
 .debug_abbrev  0x00000000000011a7      0x243 ./Drivers/STM32L4xx_HAL_Driver/Src/stm32l4xx_hal_i2c.o
 .debug_abbrev  0x00000000000013ea      0x1b0 ./Drivers/STM32L4xx_HAL_Driver/Src/stm32l4xx_hal_i2c_ex.o
 .debug_abbrev  0x000000000000159a      0x1f3 ./Drivers/STM32L4xx_HAL_Driver/Src/stm32l4xx_hal_pwr_ex.o
 .debug_abbrev  0x000000000000178d      0x2bd ./Drivers/STM32L4xx_HAL_Driver/Src/stm32l4xx_hal_rcc.o
 .debug_abbrev  0x0000000000001a4a      0x299 ./Drivers/STM32L4xx_HAL_Driver/Src/stm32l4xx_hal_rcc_ex.o

.debug_aranges  0x0000000000000000      0xa80
 .debug_aranges
                0x0000000000000000       0x90 ./Core/Src/main.o
 .debug_aranges
                0x0000000000000090       0x30 ./Core/Src/stm32l4xx_hal_msp.o
 .debug_aranges
                0x00000000000000c0       0x70 ./Core/Src/stm32l4xx_it.o
 .debug_aranges
                0x0000000000000130       0x28 ./Core/Src/system_stm32l4xx.o
 .debug_aranges
                0x0000000000000158       0x28 ./Core/Startup/startup_stm32l432kcux.o
 .debug_aranges
                0x0000000000000180       0xe0 ./Drivers/OLED/ssd1306.o
 .debug_aranges
                0x0000000000000260       0x18 ./Drivers/OLED/ssd1306_fonts.o
 .debug_aranges
                0x0000000000000278      0x108 ./Drivers/STM32L4xx_HAL_Driver/Src/stm32l4xx_hal.o
 .debug_aranges
                0x0000000000000380      0x118 ./Drivers/STM32L4xx_HAL_Driver/Src/stm32l4xx_hal_cortex.o
 .debug_aranges
                0x0000000000000498       0x58 ./Drivers/STM32L4xx_HAL_Driver/Src/stm32l4xx_hal_gpio.o
 .debug_aranges
                0x00000000000004f0      0x2a0 ./Drivers/STM32L4xx_HAL_Driver/Src/stm32l4xx_hal_i2c.o
 .debug_aranges
                0x0000000000000790       0x48 ./Drivers/STM32L4xx_HAL_Driver/Src/stm32l4xx_hal_i2c_ex.o
 .debug_aranges
                0x00000000000007d8      0x128 ./Drivers/STM32L4xx_HAL_Driver/Src/stm32l4xx_hal_pwr_ex.o
 .debug_aranges
                0x0000000000000900       0x90 ./Drivers/STM32L4xx_HAL_Driver/Src/stm32l4xx_hal_rcc.o
 .debug_aranges
                0x0000000000000990       0xf0 ./Drivers/STM32L4xx_HAL_Driver/Src/stm32l4xx_hal_rcc_ex.o

.debug_ranges   0x0000000000000000      0x990
 .debug_ranges  0x0000000000000000       0x80 ./Core/Src/main.o
 .debug_ranges  0x0000000000000080       0x20 ./Core/Src/stm32l4xx_hal_msp.o
 .debug_ranges  0x00000000000000a0       0x60 ./Core/Src/stm32l4xx_it.o
 .debug_ranges  0x0000000000000100       0x18 ./Core/Src/system_stm32l4xx.o
 .debug_ranges  0x0000000000000118       0x20 ./Core/Startup/startup_stm32l432kcux.o
 .debug_ranges  0x0000000000000138       0xd0 ./Drivers/OLED/ssd1306.o
 .debug_ranges  0x0000000000000208       0xf8 ./Drivers/STM32L4xx_HAL_Driver/Src/stm32l4xx_hal.o
 .debug_ranges  0x0000000000000300      0x108 ./Drivers/STM32L4xx_HAL_Driver/Src/stm32l4xx_hal_cortex.o
 .debug_ranges  0x0000000000000408       0x48 ./Drivers/STM32L4xx_HAL_Driver/Src/stm32l4xx_hal_gpio.o
 .debug_ranges  0x0000000000000450      0x290 ./Drivers/STM32L4xx_HAL_Driver/Src/stm32l4xx_hal_i2c.o
 .debug_ranges  0x00000000000006e0       0x38 ./Drivers/STM32L4xx_HAL_Driver/Src/stm32l4xx_hal_i2c_ex.o
 .debug_ranges  0x0000000000000718      0x118 ./Drivers/STM32L4xx_HAL_Driver/Src/stm32l4xx_hal_pwr_ex.o
 .debug_ranges  0x0000000000000830       0x80 ./Drivers/STM32L4xx_HAL_Driver/Src/stm32l4xx_hal_rcc.o
 .debug_ranges  0x00000000000008b0       0xe0 ./Drivers/STM32L4xx_HAL_Driver/Src/stm32l4xx_hal_rcc_ex.o

.debug_macro    0x0000000000000000    0x1f94d
 .debug_macro   0x0000000000000000      0x31a ./Core/Src/main.o
 .debug_macro   0x000000000000031a      0xa78 ./Core/Src/main.o
 .debug_macro   0x0000000000000d92      0x1a1 ./Core/Src/main.o
 .debug_macro   0x0000000000000f33       0x2e ./Core/Src/main.o
 .debug_macro   0x0000000000000f61       0x28 ./Core/Src/main.o
 .debug_macro   0x0000000000000f89       0x22 ./Core/Src/main.o
 .debug_macro   0x0000000000000fab       0x8e ./Core/Src/main.o
 .debug_macro   0x0000000000001039       0x51 ./Core/Src/main.o
 .debug_macro   0x000000000000108a      0x103 ./Core/Src/main.o
 .debug_macro   0x000000000000118d       0x6a ./Core/Src/main.o
 .debug_macro   0x00000000000011f7      0x1df ./Core/Src/main.o
 .debug_macro   0x00000000000013d6       0x1c ./Core/Src/main.o
 .debug_macro   0x00000000000013f2       0x22 ./Core/Src/main.o
 .debug_macro   0x0000000000001414       0xfb ./Core/Src/main.o
 .debug_macro   0x000000000000150f     0x1011 ./Core/Src/main.o
 .debug_macro   0x0000000000002520      0x11f ./Core/Src/main.o
 .debug_macro   0x000000000000263f    0x147a6 ./Core/Src/main.o
 .debug_macro   0x0000000000016de5       0x6d ./Core/Src/main.o
 .debug_macro   0x0000000000016e52     0x38e6 ./Core/Src/main.o
 .debug_macro   0x000000000001a738      0x174 ./Core/Src/main.o
 .debug_macro   0x000000000001a8ac       0x5c ./Core/Src/main.o
 .debug_macro   0x000000000001a908     0x11ca ./Core/Src/main.o
 .debug_macro   0x000000000001bad2      0x53c ./Core/Src/main.o
 .debug_macro   0x000000000001c00e      0x1b9 ./Core/Src/main.o
 .debug_macro   0x000000000001c1c7      0x122 ./Core/Src/main.o
 .debug_macro   0x000000000001c2e9      0x26b ./Core/Src/main.o
 .debug_macro   0x000000000001c554      0x23d ./Core/Src/main.o
 .debug_macro   0x000000000001c791      0x241 ./Core/Src/main.o
 .debug_macro   0x000000000001c9d2      0x375 ./Core/Src/main.o
 .debug_macro   0x000000000001cd47       0xd6 ./Core/Src/main.o
 .debug_macro   0x000000000001ce1d      0x22c ./Core/Src/main.o
 .debug_macro   0x000000000001d049       0x61 ./Core/Src/main.o
 .debug_macro   0x000000000001d0aa       0xa5 ./Core/Src/main.o
 .debug_macro   0x000000000001d14f      0x122 ./Core/Src/main.o
 .debug_macro   0x000000000001d271      0x356 ./Core/Src/main.o
 .debug_macro   0x000000000001d5c7      0x220 ./Core/Src/main.o
 .debug_macro   0x000000000001d7e7       0x52 ./Core/Src/main.o
 .debug_macro   0x000000000001d839       0x1e ./Core/Src/main.o
 .debug_macro   0x000000000001d857       0x3c ./Core/Src/main.o
 .debug_macro   0x000000000001d893       0x34 ./Core/Src/main.o
 .debug_macro   0x000000000001d8c7       0x40 ./Core/Src/main.o
 .debug_macro   0x000000000001d907       0x10 ./Core/Src/main.o
 .debug_macro   0x000000000001d917       0x40 ./Core/Src/main.o
 .debug_macro   0x000000000001d957       0x16 ./Core/Src/main.o
 .debug_macro   0x000000000001d96d       0x43 ./Core/Src/main.o
 .debug_macro   0x000000000001d9b0       0x34 ./Core/Src/main.o
 .debug_macro   0x000000000001d9e4       0x10 ./Core/Src/main.o
 .debug_macro   0x000000000001d9f4       0x58 ./Core/Src/main.o
 .debug_macro   0x000000000001da4c       0x71 ./Core/Src/main.o
 .debug_macro   0x000000000001dabd       0x1c ./Core/Src/main.o
 .debug_macro   0x000000000001dad9      0x12a ./Core/Src/main.o
 .debug_macro   0x000000000001dc03      0x341 ./Core/Src/main.o
 .debug_macro   0x000000000001df44       0x10 ./Core/Src/main.o
 .debug_macro   0x000000000001df54       0x35 ./Core/Src/main.o
 .debug_macro   0x000000000001df89       0x20 ./Core/Src/main.o
 .debug_macro   0x000000000001dfa9      0x1bb ./Core/Src/stm32l4xx_hal_msp.o
 .debug_macro   0x000000000001e164      0x1c5 ./Core/Src/stm32l4xx_it.o
 .debug_macro   0x000000000001e329      0x1b1 ./Core/Src/system_stm32l4xx.o
 .debug_macro   0x000000000001e4da      0x2e5 ./Drivers/OLED/ssd1306.o
 .debug_macro   0x000000000001e7bf       0x28 ./Drivers/OLED/ssd1306.o
 .debug_macro   0x000000000001e7e7      0x19b ./Drivers/OLED/ssd1306.o
 .debug_macro   0x000000000001e982       0x16 ./Drivers/OLED/ssd1306.o
 .debug_macro   0x000000000001e998       0x76 ./Drivers/OLED/ssd1306_fonts.o
 .debug_macro   0x000000000001ea0e      0x1f9 ./Drivers/STM32L4xx_HAL_Driver/Src/stm32l4xx_hal.o
 .debug_macro   0x000000000001ec07      0x1b1 ./Drivers/STM32L4xx_HAL_Driver/Src/stm32l4xx_hal_cortex.o
 .debug_macro   0x000000000001edb8      0x1b8 ./Drivers/STM32L4xx_HAL_Driver/Src/stm32l4xx_hal_gpio.o
 .debug_macro   0x000000000001ef70      0x27d ./Drivers/STM32L4xx_HAL_Driver/Src/stm32l4xx_hal_i2c.o
 .debug_macro   0x000000000001f1ed      0x1b1 ./Drivers/STM32L4xx_HAL_Driver/Src/stm32l4xx_hal_i2c_ex.o
 .debug_macro   0x000000000001f39e      0x1d5 ./Drivers/STM32L4xx_HAL_Driver/Src/stm32l4xx_hal_pwr_ex.o
 .debug_macro   0x000000000001f573      0x1f3 ./Drivers/STM32L4xx_HAL_Driver/Src/stm32l4xx_hal_rcc.o
 .debug_macro   0x000000000001f766      0x1e7 ./Drivers/STM32L4xx_HAL_Driver/Src/stm32l4xx_hal_rcc_ex.o

.debug_line     0x0000000000000000     0xc1c8
 .debug_line    0x0000000000000000      0xca1 ./Core/Src/main.o
 .debug_line    0x0000000000000ca1      0x6e7 ./Core/Src/stm32l4xx_hal_msp.o
 .debug_line    0x0000000000001388      0x77a ./Core/Src/stm32l4xx_it.o
 .debug_line    0x0000000000001b02      0x71d ./Core/Src/system_stm32l4xx.o
 .debug_line    0x000000000000221f       0x88 ./Core/Startup/startup_stm32l432kcux.o
 .debug_line    0x00000000000022a7      0xf90 ./Drivers/OLED/ssd1306.o
 .debug_line    0x0000000000003237      0x395 ./Drivers/OLED/ssd1306_fonts.o
 .debug_line    0x00000000000035cc      0x9e2 ./Drivers/STM32L4xx_HAL_Driver/Src/stm32l4xx_hal.o
 .debug_line    0x0000000000003fae      0xc1c ./Drivers/STM32L4xx_HAL_Driver/Src/stm32l4xx_hal_cortex.o
 .debug_line    0x0000000000004bca      0xa6c ./Drivers/STM32L4xx_HAL_Driver/Src/stm32l4xx_hal_gpio.o
 .debug_line    0x0000000000005636     0x3607 ./Drivers/STM32L4xx_HAL_Driver/Src/stm32l4xx_hal_i2c.o
 .debug_line    0x0000000000008c3d      0x8a3 ./Drivers/STM32L4xx_HAL_Driver/Src/stm32l4xx_hal_i2c_ex.o
 .debug_line    0x00000000000094e0      0xb74 ./Drivers/STM32L4xx_HAL_Driver/Src/stm32l4xx_hal_pwr_ex.o
 .debug_line    0x000000000000a054      0xf2d ./Drivers/STM32L4xx_HAL_Driver/Src/stm32l4xx_hal_rcc.o
 .debug_line    0x000000000000af81     0x1247 ./Drivers/STM32L4xx_HAL_Driver/Src/stm32l4xx_hal_rcc_ex.o

.debug_str      0x0000000000000000    0xbd5de
 .debug_str     0x0000000000000000    0xb9f8d ./Core/Src/main.o
                                      0xba386 (size before relaxing)
 .debug_str     0x00000000000b9f8d      0x21b ./Core/Src/stm32l4xx_hal_msp.o
                                      0xb677f (size before relaxing)
 .debug_str     0x00000000000ba1a8      0x106 ./Core/Src/stm32l4xx_it.o
                                      0xb5f9d (size before relaxing)
 .debug_str     0x00000000000ba2ae       0xf2 ./Core/Src/system_stm32l4xx.o
                                      0xb60dd (size before relaxing)
 .debug_str     0x00000000000ba3a0       0x36 ./Core/Startup/startup_stm32l432kcux.o
                                         0x6e (size before relaxing)
 .debug_str     0x00000000000ba3d6      0xc83 ./Drivers/OLED/ssd1306.o
                                      0xba155 (size before relaxing)
 .debug_str     0x00000000000bb059       0x70 ./Drivers/OLED/ssd1306_fonts.o
                                       0x3da3 (size before relaxing)
 .debug_str     0x00000000000bb0c9      0x564 ./Drivers/STM32L4xx_HAL_Driver/Src/stm32l4xx_hal.o
                                      0xb6a6a (size before relaxing)
 .debug_str     0x00000000000bb62d      0x327 ./Drivers/STM32L4xx_HAL_Driver/Src/stm32l4xx_hal_cortex.o
                                      0xb680b (size before relaxing)
 .debug_str     0x00000000000bb954       0xf0 ./Drivers/STM32L4xx_HAL_Driver/Src/stm32l4xx_hal_gpio.o
                                      0xb6251 (size before relaxing)
 .debug_str     0x00000000000bba44      0xdd2 ./Drivers/STM32L4xx_HAL_Driver/Src/stm32l4xx_hal_i2c.o
                                      0xb72de (size before relaxing)
 .debug_str     0x00000000000bc816       0xb8 ./Drivers/STM32L4xx_HAL_Driver/Src/stm32l4xx_hal_i2c_ex.o
                                      0xb6614 (size before relaxing)
 .debug_str     0x00000000000bc8ce      0x44e ./Drivers/STM32L4xx_HAL_Driver/Src/stm32l4xx_hal_pwr_ex.o
                                      0xb6585 (size before relaxing)
 .debug_str     0x00000000000bcd1c      0x381 ./Drivers/STM32L4xx_HAL_Driver/Src/stm32l4xx_hal_rcc.o
                                      0xb66dd (size before relaxing)
 .debug_str     0x00000000000bd09d      0x541 ./Drivers/STM32L4xx_HAL_Driver/Src/stm32l4xx_hal_rcc_ex.o
                                      0xb693d (size before relaxing)

.comment        0x0000000000000000       0x50
 .comment       0x0000000000000000       0x50 ./Core/Src/main.o
                                         0x51 (size before relaxing)
 .comment       0x0000000000000050       0x51 ./Core/Src/stm32l4xx_hal_msp.o
 .comment       0x0000000000000050       0x51 ./Core/Src/stm32l4xx_it.o
 .comment       0x0000000000000050       0x51 ./Core/Src/system_stm32l4xx.o
 .comment       0x0000000000000050       0x51 ./Drivers/OLED/ssd1306.o
 .comment       0x0000000000000050       0x51 ./Drivers/OLED/ssd1306_fonts.o
 .comment       0x0000000000000050       0x51 ./Drivers/STM32L4xx_HAL_Driver/Src/stm32l4xx_hal.o
 .comment       0x0000000000000050       0x51 ./Drivers/STM32L4xx_HAL_Driver/Src/stm32l4xx_hal_cortex.o
 .comment       0x0000000000000050       0x51 ./Drivers/STM32L4xx_HAL_Driver/Src/stm32l4xx_hal_gpio.o
 .comment       0x0000000000000050       0x51 ./Drivers/STM32L4xx_HAL_Driver/Src/stm32l4xx_hal_i2c.o
 .comment       0x0000000000000050       0x51 ./Drivers/STM32L4xx_HAL_Driver/Src/stm32l4xx_hal_i2c_ex.o
 .comment       0x0000000000000050       0x51 ./Drivers/STM32L4xx_HAL_Driver/Src/stm32l4xx_hal_pwr_ex.o
 .comment       0x0000000000000050       0x51 ./Drivers/STM32L4xx_HAL_Driver/Src/stm32l4xx_hal_rcc.o
 .comment       0x0000000000000050       0x51 ./Drivers/STM32L4xx_HAL_Driver/Src/stm32l4xx_hal_rcc_ex.o

.debug_frame    0x0000000000000000     0x2974
 .debug_frame   0x0000000000000000      0x1c8 ./Core/Src/main.o
 .debug_frame   0x00000000000001c8       0x84 ./Core/Src/stm32l4xx_hal_msp.o
 .debug_frame   0x000000000000024c      0x13c ./Core/Src/stm32l4xx_it.o
 .debug_frame   0x0000000000000388       0x58 ./Core/Src/system_stm32l4xx.o
 .debug_frame   0x00000000000003e0      0x3c0 ./Drivers/OLED/ssd1306.o
 .debug_frame   0x00000000000007a0      0x3dc ./Drivers/STM32L4xx_HAL_Driver/Src/stm32l4xx_hal.o
 .debug_frame   0x0000000000000b7c      0x498 ./Drivers/STM32L4xx_HAL_Driver/Src/stm32l4xx_hal_cortex.o
 .debug_frame   0x0000000000001014      0x14c ./Drivers/STM32L4xx_HAL_Driver/Src/stm32l4xx_hal_gpio.o
 .debug_frame   0x0000000000001160      0xc38 ./Drivers/STM32L4xx_HAL_Driver/Src/stm32l4xx_hal_i2c.o
 .debug_frame   0x0000000000001d98      0x100 ./Drivers/STM32L4xx_HAL_Driver/Src/stm32l4xx_hal_i2c_ex.o
 .debug_frame   0x0000000000001e98      0x4a4 ./Drivers/STM32L4xx_HAL_Driver/Src/stm32l4xx_hal_pwr_ex.o
 .debug_frame   0x000000000000233c      0x21c ./Drivers/STM32L4xx_HAL_Driver/Src/stm32l4xx_hal_rcc.o
 .debug_frame   0x0000000000002558      0x3d0 ./Drivers/STM32L4xx_HAL_Driver/Src/stm32l4xx_hal_rcc_ex.o
 .debug_frame   0x0000000000002928       0x2c c:/st/stm32cubeide_1.9.0/stm32cubeide/plugins/com.st.stm32cube.ide.mcu.externaltools.gnu-tools-for-stm32.10.3-2021.10.win32_1.0.0.202111181127/tools/bin/../lib/gcc/arm-none-eabi/10.3.1/../../../../arm-none-eabi/lib/thumb/v7e-m+fp/hard\libc_nano.a(lib_a-init.o)
 .debug_frame   0x0000000000002954       0x20 c:/st/stm32cubeide_1.9.0/stm32cubeide/plugins/com.st.stm32cube.ide.mcu.externaltools.gnu-tools-for-stm32.10.3-2021.10.win32_1.0.0.202111181127/tools/bin/../lib/gcc/arm-none-eabi/10.3.1/../../../../arm-none-eabi/lib/thumb/v7e-m+fp/hard\libc_nano.a(lib_a-memset.o)
