../Core/Src/main.c:114:5:main	8	static
../Core/Src/main.c:188:6:SystemClock_Config	96	static
../Core/Src/main.c:238:13:MX_I2C1_Init	8	static
../Core/Src/main.c:286:13:MX_GPIO_Init	32	static
../Core/Src/main.c:309:6:Idle_Function	8	static
../Core/Src/main.c:315:6:Start_Screen_Function	8	static
../Core/Src/main.c:335:6:Main_Screen_Function	8	static
../Core/Src/main.c:358:6:Coordinates_Screen_Function	8	static
../Core/Src/main.c:380:6:Skills_Screen_Function	8	static
../Core/Src/main.c:403:6:Languaes_Screen_Function	8	static
../Core/Src/main.c:420:6:Projects_Screen_Function	8	static
../Core/Src/main.c:442:6:Diplomas_Screen_Function	8	static
../Core/Src/main.c:464:6:ProfessionalExperience_Screen_Function	8	static
../Core/Src/main.c:489:6:HAL_GPIO_EXTI_Callback	16	static
../Core/Src/main.c:508:6:Error_Handler	4	static,ignoring_inline_asm
