../Core/Src/main.c:123:5:main	8	static
../Core/Src/main.c:197:6:SystemClock_Config	96	static
../Core/Src/main.c:247:13:MX_I2C1_Init	8	static
../Core/Src/main.c:295:13:MX_GPIO_Init	32	static
../Core/Src/main.c:318:6:Idle_Function	8	static
../Core/Src/main.c:324:6:Start_Screen_Function	8	static
../Core/Src/main.c:344:6:Main_Screen_Function	8	static
../Core/Src/main.c:367:6:Coordinates_Screen_Function	8	static
../Core/Src/main.c:389:6:Skills_Screen_Function	8	static
../Core/Src/main.c:412:6:Languaes_Screen_Function	8	static
../Core/Src/main.c:429:6:Projects_Screen_Function	8	static
../Core/Src/main.c:451:6:Diplomas_Screen_Function	8	static
../Core/Src/main.c:473:6:ProfessionalExperience_Screen_Function	8	static
../Core/Src/main.c:498:6:HAL_GPIO_EXTI_Callback	16	static
../Core/Src/main.c:520:6:Error_Handler	4	static,ignoring_inline_asm
